.next/types/validator.ts(42,39): error TS2307: Cannot find module '../../src/app/page.js' or its corresponding type declarations.
.next/types/validator.ts(57,39): error TS2307: Cannot find module '../../src/app/layout.js' or its corresponding type declarations.
app/layout.tsx(4,20): error TS2307: Cannot find module '@/components/Navbar' or its corresponding type declarations.
app/layout.tsx(5,20): error TS2307: Cannot find module '@/components/Footer' or its corresponding type declarations.
app/layout.tsx(6,31): error TS2307: Cannot find module '@/components/ThemeProvider' or its corresponding type declarations.
app/page.tsx(2,22): error TS2307: Cannot find module '@/components/TeamCard' or its corresponding type declarations.
app/projects/page.tsx(5,25): error TS2307: Cannot find module '@/components/ProjectCard' or its corresponding type declarations.
